2026-05-02 15:38:33,633 - INFO - 金价监控启动，检查间隔 5 分钟
2026-05-02 15:38:33,770 - ERROR - 监控异常: 无法解析金价数据: var hq_str_hf_GC="4629.775,,4625.500,4626.300,4673.000,4570.000,04:59:50,4629.600,4636.900,0,1,1,2026-05-02,纽约黄金,0";

2026-05-02 15:38:37,442 - INFO - 监控已停止
2026-05-02 15:42:37,949 - INFO - 金价监控启动，检查间隔 5 分钟
2026-05-02 15:42:38,079 - INFO - 当前金价: $4629.775
2026-05-02 15:42:38,215 - ERROR - 监控异常: HTTPSConnectionPool(host='scf.serc.live', port=443): Max retries exceeded with url: /send?key=YOUR_SC_KEY_HERE (Caused by NewConnectionError('<urllib3.connection.HTTPSConnection object at 0x716ccd9ebd60>: Failed to establish a new connection: [Errno -2] Name or service not known'))
2026-05-02 15:43:26,918 - INFO - 监控已停止
2026-05-02 15:48:02,651 - INFO - 金价监控启动，检查间隔 5 分钟
2026-05-02 15:48:02,806 - ERROR - 监控异常: 无法解析金价数据: var hq_str_hf_AU100G="";

2026-05-02 15:48:54,916 - INFO - 监控已停止
2026-05-02 15:51:19,976 - INFO - 金价监控启动，检查间隔 5 分钟
2026-05-02 15:51:20,112 - INFO - 当前金价: $4629.775
2026-05-02 15:51:20,201 - ERROR - 监控异常: HTTPSConnectionPool(host='scf.serc.live', port=443): Max retries exceeded with url: /send?key=YOUR_SC_KEY_HERE (Caused by NewConnectionError('<urllib3.connection.HTTPSConnection object at 0x74a5c95ebd60>: Failed to establish a new connection: [Errno -2] Name or service not known'))
2026-05-02 15:51:21,923 - INFO - 监控已停止
2026-05-02 15:54:33,441 - INFO - 金价监控启动，检查间隔 5 分钟
2026-05-02 15:54:33,548 - INFO - 当前金价: 4629.775元
2026-05-02 15:54:33,601 - ERROR - 通知发送失败: {'code': 903, 'msg': '用户令牌不正确', 'data': '无效的用户token'}
2026-05-02 15:57:32,583 - INFO - 监控已停止
2026-05-02 15:57:33,380 - INFO - 金价监控启动，检查间隔 5 分钟
2026-05-02 15:57:33,522 - INFO - 当前金价: 4629.775元
2026-05-02 15:58:18,695 - INFO - 监控已停止
2026-05-02 16:00:02,297 - INFO - 金价监控启动，检查间隔 5 分钟
2026-05-02 16:00:02,445 - INFO - 当前金价: 4629.775元
2026-05-02 16:00:02,511 - INFO - 通知发送成功: 金价达到 $4629.775（高价警报）
2026-05-02 16:02:10,443 - INFO - 监控已停止
2026-05-02 16:03:50,532 - INFO - 金价监控启动，检查间隔 5 分钟
2026-05-02 16:03:50,689 - INFO - API地址: https://hq.sinajs.cn/list=hf_GC, 响应: var hq_str_hf_GC="4629.775,,4625.500,4626.300,4673.000,4570.000,04:59:50,4629.600,4636.900,0,1,1,202
2026-05-02 16:03:50,690 - ERROR - 监控异常: 'base_price'
2026-05-02 16:05:32,670 - INFO - 监控已停止
2026-05-02 16:05:33,685 - INFO - 金价监控启动，检查间隔 5 分钟
2026-05-02 16:05:33,828 - INFO - API地址: https://hq.sinajs.cn/list=hf_GC, 响应: var hq_str_hf_GC="4629.775,,4625.500,4626.300,4673.000,4570.000,04:59:50,4629.600,4636.900,0,1,1,202
2026-05-02 16:05:33,830 - INFO - 初始基准金价: 4629.775元
2026-05-02 16:06:44,839 - INFO - 监控已停止
2026-05-02 16:24:47,683 - INFO - 金价监控启动，检查间隔 5 分钟
2026-05-02 16:24:47,683 - ERROR - 监控异常: module 'akshare' has no attribute 'spot_gold_sge_today'
2026-05-02 16:25:40,139 - INFO - 监控已停止
2026-05-02 16:25:41,590 - INFO - 金价监控启动，检查间隔 5 分钟
2026-05-02 16:25:41,941 - ERROR - 监控异常: '最新价'
2026-05-02 16:25:47,686 - INFO - 监控已停止
2026-05-02 16:31:27,728 - INFO - 金价监控启动，检查间隔 5 分钟
2026-05-02 16:31:28,105 - INFO - 黄金数据: 时间=2026-04-28, 晚盘价=1010.5, 早盘价=1014.37
2026-05-02 16:31:28,106 - INFO - 当前金价: 1010.5元, 基准价: 4629.775元, 涨跌: -78.17%
2026-05-02 16:31:28,169 - INFO - 通知发送成功: 金价下跌 -78.17%（警报）
2026-05-02 16:31:34,344 - INFO - 监控已停止
2026-05-02 16:32:22,585 - INFO - 金价监控启动，检查间隔 5 分钟
2026-05-02 16:32:22,952 - INFO - 黄金数据: 时间=2026-04-28, 晚盘价=1010.5, 早盘价=1014.37
2026-05-02 16:32:22,952 - INFO - 当前金价: 1010.5元, 基准价: 4629.775元, 涨跌: -78.17%
2026-05-02 16:32:27,217 - INFO - 监控已停止
2026-05-02 16:32:36,282 - INFO - 金价监控启动，检查间隔 5 分钟
2026-05-02 16:32:36,615 - INFO - 黄金数据: 时间=2026-04-28, 晚盘价=1010.5, 早盘价=1014.37
2026-05-02 16:32:36,615 - INFO - 当前金价: 1010.5元, 基准价: 4629.775元, 涨跌: -78.17%
2026-05-02 16:32:38,371 - INFO - 监控已停止
2026-05-02 16:32:47,471 - INFO - 金价监控启动，检查间隔 5 分钟
2026-05-02 16:32:47,852 - INFO - 黄金数据: 时间=2026-04-28, 晚盘价=1010.5, 早盘价=1014.37
2026-05-02 16:32:47,852 - INFO - 当前金价: 1010.5元, 基准价: 4629.775元, 涨跌: -78.17%
2026-05-02 16:33:19,058 - INFO - 监控已停止
2026-05-02 16:33:20,738 - INFO - 金价监控启动，检查间隔 1 分钟
2026-05-02 16:33:21,064 - INFO - 黄金数据: 时间=2026-04-28, 晚盘价=1010.5, 早盘价=1014.37
2026-05-02 16:33:21,064 - INFO - 当前金价: 1010.5元, 基准价: 4629.775元, 涨跌: -78.17%
2026-05-02 16:34:21,406 - INFO - 黄金数据: 时间=2026-04-28, 晚盘价=1010.5, 早盘价=1014.37
2026-05-02 16:34:21,406 - INFO - 当前金价: 1010.5元, 基准价: 4629.775元, 涨跌: -78.17%
2026-05-02 16:35:13,931 - INFO - 监控已停止
2026-05-02 16:38:55,030 - INFO - 金价监控启动，检查间隔 1 分钟
2026-05-02 16:38:55,370 - INFO - 黄金数据: 时间=2026-04-28, 晚盘价=1010.5, 早盘价=1014.37
2026-05-02 16:38:55,370 - INFO - 当前金价: 1010.5元, 基准价(早盘价): 1014.37元, 涨跌: -0.38%
2026-05-02 16:39:01,574 - INFO - 监控已停止
2026-05-02 16:39:19,369 - INFO - 金价监控启动，检查间隔 1 分钟
2026-05-02 16:39:19,716 - INFO - 黄金数据: 时间=2026-04-28, 晚盘价=1010.5, 早盘价=1014.37
2026-05-02 16:39:19,716 - INFO - 当前金价: 1010.5元, 基准价(早盘价): 1014.37元, 涨跌: -0.38%
2026-05-02 16:40:20,091 - INFO - 黄金数据: 时间=2026-04-28, 晚盘价=1010.5, 早盘价=1014.37
2026-05-02 16:40:20,092 - INFO - 当前金价: 1010.5元, 基准价(早盘价): 1014.37元, 涨跌: -0.38%
2026-05-02 16:41:20,455 - INFO - 黄金数据: 时间=2026-04-28, 晚盘价=1010.5, 早盘价=1014.37
2026-05-02 16:41:20,455 - INFO - 当前金价: 1010.5元, 基准价(早盘价): 1014.37元, 涨跌: -0.38%
2026-05-02 16:41:30,142 - INFO - 监控已停止
2026-05-02 16:43:13,972 - INFO - 金价监控启动，检查间隔 1 分钟，超时 30 分钟
2026-05-02 16:43:14,309 - INFO - 黄金数据: 时间=2026-04-28, 晚盘价=1010.5, 早盘价=1014.37
2026-05-02 16:43:14,309 - INFO - 当前金价: 1010.5元, 基准价(早盘价): 1014.37元, 涨跌: -0.38%
2026-05-02 16:43:14,605 - INFO - 黄金数据: 时间=2026-04-28, 晚盘价=1010.5, 早盘价=1014.37
2026-05-02 16:43:21,163 - INFO - 监控已停止
2026-05-02 16:43:59,750 - INFO - 金价监控启动，检查间隔 10 分钟，超时 30 分钟
2026-05-02 16:44:00,084 - INFO - 黄金数据: 时间=2026-04-28, 晚盘价=1010.5, 早盘价=1014.37
2026-05-02 16:44:00,085 - INFO - 当前金价: 1010.5元, 基准价(早盘价): 1014.37元, 涨跌: -0.38%
2026-05-02 16:44:00,144 - INFO - 通知发送成功: 金价下跌 -0.38%（警报）
2026-05-02 16:44:00,452 - INFO - 黄金数据: 时间=2026-04-28, 晚盘价=1010.5, 早盘价=1014.37
2026-05-02 16:44:30,797 - INFO - 黄金数据: 时间=2026-04-28, 晚盘价=1010.5, 早盘价=1014.37
2026-05-02 16:45:01,135 - INFO - 黄金数据: 时间=2026-04-28, 晚盘价=1010.5, 早盘价=1014.37
2026-05-02 16:45:31,446 - INFO - 黄金数据: 时间=2026-04-28, 晚盘价=1010.5, 早盘价=1014.37
2026-05-02 16:46:01,837 - INFO - 黄金数据: 时间=2026-04-28, 晚盘价=1010.5, 早盘价=1014.37
2026-05-02 16:46:32,141 - INFO - 黄金数据: 时间=2026-04-28, 晚盘价=1010.5, 早盘价=1014.37
2026-05-02 16:47:02,484 - INFO - 黄金数据: 时间=2026-04-28, 晚盘价=1010.5, 早盘价=1014.37
2026-05-02 16:47:32,805 - INFO - 黄金数据: 时间=2026-04-28, 晚盘价=1010.5, 早盘价=1014.37
2026-05-02 16:48:03,106 - INFO - 黄金数据: 时间=2026-04-28, 晚盘价=1010.5, 早盘价=1014.37
2026-05-02 16:48:33,443 - INFO - 黄金数据: 时间=2026-04-28, 晚盘价=1010.5, 早盘价=1014.37
2026-05-02 16:49:03,765 - INFO - 黄金数据: 时间=2026-04-28, 晚盘价=1010.5, 早盘价=1014.37
2026-05-02 16:49:34,088 - INFO - 黄金数据: 时间=2026-04-28, 晚盘价=1010.5, 早盘价=1014.37
2026-05-02 16:50:04,411 - INFO - 黄金数据: 时间=2026-04-28, 晚盘价=1010.5, 早盘价=1014.37
2026-05-02 16:50:34,842 - INFO - 黄金数据: 时间=2026-04-28, 晚盘价=1010.5, 早盘价=1014.37
2026-05-02 16:51:05,194 - INFO - 黄金数据: 时间=2026-04-28, 晚盘价=1010.5, 早盘价=1014.37
2026-05-02 16:51:35,526 - INFO - 黄金数据: 时间=2026-04-28, 晚盘价=1010.5, 早盘价=1014.37
2026-05-02 16:52:05,877 - INFO - 黄金数据: 时间=2026-04-28, 晚盘价=1010.5, 早盘价=1014.37
2026-05-02 16:52:36,173 - INFO - 黄金数据: 时间=2026-04-28, 晚盘价=1010.5, 早盘价=1014.37
2026-05-02 16:53:06,561 - INFO - 黄金数据: 时间=2026-04-28, 晚盘价=1010.5, 早盘价=1014.37
2026-05-02 16:53:36,885 - INFO - 黄金数据: 时间=2026-04-28, 晚盘价=1010.5, 早盘价=1014.37
2026-05-02 16:54:07,240 - INFO - 黄金数据: 时间=2026-04-28, 晚盘价=1010.5, 早盘价=1014.37
2026-05-02 16:54:07,240 - INFO - 当前金价: 1010.5元, 基准价(早盘价): 1014.37元, 涨跌: -0.38%
2026-05-02 16:54:07,566 - INFO - 黄金数据: 时间=2026-04-28, 晚盘价=1010.5, 早盘价=1014.37
2026-05-02 16:54:37,870 - INFO - 黄金数据: 时间=2026-04-28, 晚盘价=1010.5, 早盘价=1014.37
2026-05-02 16:55:08,240 - INFO - 黄金数据: 时间=2026-04-28, 晚盘价=1010.5, 早盘价=1014.37
2026-05-02 16:55:38,566 - INFO - 黄金数据: 时间=2026-04-28, 晚盘价=1010.5, 早盘价=1014.37
2026-05-02 16:56:08,909 - INFO - 黄金数据: 时间=2026-04-28, 晚盘价=1010.5, 早盘价=1014.37
2026-05-02 16:56:39,227 - INFO - 黄金数据: 时间=2026-04-28, 晚盘价=1010.5, 早盘价=1014.37
2026-05-02 16:57:09,561 - INFO - 黄金数据: 时间=2026-04-28, 晚盘价=1010.5, 早盘价=1014.37
2026-05-02 16:57:39,908 - INFO - 黄金数据: 时间=2026-04-28, 晚盘价=1010.5, 早盘价=1014.37
2026-05-02 16:58:10,258 - INFO - 黄金数据: 时间=2026-04-28, 晚盘价=1010.5, 早盘价=1014.37
2026-05-02 16:58:40,572 - INFO - 黄金数据: 时间=2026-04-28, 晚盘价=1010.5, 早盘价=1014.37
2026-05-02 16:59:10,915 - INFO - 黄金数据: 时间=2026-04-28, 晚盘价=1010.5, 早盘价=1014.37
2026-05-02 16:59:41,257 - INFO - 黄金数据: 时间=2026-04-28, 晚盘价=1010.5, 早盘价=1014.37
2026-05-02 17:00:11,569 - INFO - 黄金数据: 时间=2026-04-28, 晚盘价=1010.5, 早盘价=1014.37
2026-05-02 17:00:41,872 - INFO - 黄金数据: 时间=2026-04-28, 晚盘价=1010.5, 早盘价=1014.37
2026-05-02 17:01:12,190 - INFO - 黄金数据: 时间=2026-04-28, 晚盘价=1010.5, 早盘价=1014.37
2026-05-02 17:01:42,490 - INFO - 黄金数据: 时间=2026-04-28, 晚盘价=1010.5, 早盘价=1014.37
2026-05-02 17:02:12,818 - INFO - 黄金数据: 时间=2026-04-28, 晚盘价=1010.5, 早盘价=1014.37
2026-05-02 17:02:43,129 - INFO - 黄金数据: 时间=2026-04-28, 晚盘价=1010.5, 早盘价=1014.37
2026-05-02 17:03:13,444 - INFO - 黄金数据: 时间=2026-04-28, 晚盘价=1010.5, 早盘价=1014.37
2026-05-02 17:03:43,750 - INFO - 黄金数据: 时间=2026-04-28, 晚盘价=1010.5, 早盘价=1014.37
2026-05-02 17:04:14,161 - INFO - 黄金数据: 时间=2026-04-28, 晚盘价=1010.5, 早盘价=1014.37
2026-05-02 17:04:14,161 - INFO - 当前金价: 1010.5元, 基准价(早盘价): 1014.37元, 涨跌: -0.38%
2026-05-02 17:04:14,461 - INFO - 黄金数据: 时间=2026-04-28, 晚盘价=1010.5, 早盘价=1014.37
2026-05-02 17:04:44,835 - INFO - 黄金数据: 时间=2026-04-28, 晚盘价=1010.5, 早盘价=1014.37
2026-05-02 17:05:15,155 - INFO - 黄金数据: 时间=2026-04-28, 晚盘价=1010.5, 早盘价=1014.37
2026-05-02 17:05:45,476 - INFO - 黄金数据: 时间=2026-04-28, 晚盘价=1010.5, 早盘价=1014.37
2026-05-02 17:06:15,782 - INFO - 黄金数据: 时间=2026-04-28, 晚盘价=1010.5, 早盘价=1014.37
2026-05-02 17:06:46,117 - INFO - 黄金数据: 时间=2026-04-28, 晚盘价=1010.5, 早盘价=1014.37
2026-05-02 17:07:16,438 - INFO - 黄金数据: 时间=2026-04-28, 晚盘价=1010.5, 早盘价=1014.37
2026-05-02 17:07:46,738 - INFO - 黄金数据: 时间=2026-04-28, 晚盘价=1010.5, 早盘价=1014.37
2026-05-02 17:08:17,062 - INFO - 黄金数据: 时间=2026-04-28, 晚盘价=1010.5, 早盘价=1014.37
2026-05-02 17:08:47,407 - INFO - 黄金数据: 时间=2026-04-28, 晚盘价=1010.5, 早盘价=1014.37
2026-05-02 17:09:17,767 - INFO - 黄金数据: 时间=2026-04-28, 晚盘价=1010.5, 早盘价=1014.37
2026-05-02 17:09:48,074 - INFO - 黄金数据: 时间=2026-04-28, 晚盘价=1010.5, 早盘价=1014.37
2026-05-02 17:10:18,400 - INFO - 黄金数据: 时间=2026-04-28, 晚盘价=1010.5, 早盘价=1014.37
2026-05-02 17:10:48,728 - INFO - 黄金数据: 时间=2026-04-28, 晚盘价=1010.5, 早盘价=1014.37
2026-05-02 17:11:19,077 - INFO - 黄金数据: 时间=2026-04-28, 晚盘价=1010.5, 早盘价=1014.37
2026-05-02 17:11:49,425 - INFO - 黄金数据: 时间=2026-04-28, 晚盘价=1010.5, 早盘价=1014.37
2026-05-02 17:12:19,803 - INFO - 黄金数据: 时间=2026-04-28, 晚盘价=1010.5, 早盘价=1014.37
2026-05-02 17:12:50,098 - INFO - 黄金数据: 时间=2026-04-28, 晚盘价=1010.5, 早盘价=1014.37
2026-05-02 17:13:20,437 - INFO - 黄金数据: 时间=2026-04-28, 晚盘价=1010.5, 早盘价=1014.37
2026-05-02 17:13:50,776 - INFO - 黄金数据: 时间=2026-04-28, 晚盘价=1010.5, 早盘价=1014.37
2026-05-02 17:14:21,093 - INFO - 黄金数据: 时间=2026-04-28, 晚盘价=1010.5, 早盘价=1014.37
2026-05-02 17:14:21,094 - INFO - 当前金价: 1010.5元, 基准价(早盘价): 1014.37元, 涨跌: -0.38%
2026-05-02 17:14:21,398 - INFO - 黄金数据: 时间=2026-04-28, 晚盘价=1010.5, 早盘价=1014.37
2026-05-02 17:14:21,398 - INFO - 超过 30 分钟价格无变化，退出监控
2026-05-02 22:25:24,500 - INFO - 金价监控启动，检查间隔 10 分钟，超时 30 分钟
2026-05-02 22:25:24,844 - INFO - 黄金数据: 时间=2026-04-28, 晚盘价=1010.5, 早盘价=1014.37
2026-05-02 22:25:24,844 - INFO - 当前金价: 1010.5元, 基准价(早盘价): 1014.37元, 涨跌: -0.38%
2026-05-02 22:25:25,146 - INFO - 黄金数据: 时间=2026-04-28, 晚盘价=1010.5, 早盘价=1014.37
2026-05-02 22:25:28,033 - INFO - 监控已停止
