2026-05-20 11:18:22,063 - INFO - 金价监控启动，检查间隔 10 分钟，超时 30 分钟
2026-05-20 11:18:22,383 - INFO - 黄金数据: 时间=2026-05-18, 晚盘价=998.07, 早盘价=999.72
2026-05-20 11:18:22,384 - INFO - 当前金价: 998.07元, 基准价(早盘价): 999.72元, 涨跌: -0.17%
2026-05-20 11:18:22,416 - INFO - 通知发送成功: 金价下跌 -0.17%（警报）
2026-05-20 11:18:22,644 - INFO - 黄金数据: 时间=2026-05-18, 晚盘价=998.07, 早盘价=999.72
2026-05-20 11:18:52,975 - INFO - 黄金数据: 时间=2026-05-18, 晚盘价=998.07, 早盘价=999.72
2026-05-20 11:19:23,325 - INFO - 黄金数据: 时间=2026-05-18, 晚盘价=998.07, 早盘价=999.72
2026-05-20 11:19:53,643 - INFO - 黄金数据: 时间=2026-05-18, 晚盘价=998.07, 早盘价=999.72
2026-05-20 11:20:23,915 - INFO - 黄金数据: 时间=2026-05-18, 晚盘价=998.07, 早盘价=999.72
2026-05-20 11:20:54,186 - INFO - 黄金数据: 时间=2026-05-18, 晚盘价=998.07, 早盘价=999.72
2026-05-20 11:21:24,529 - INFO - 黄金数据: 时间=2026-05-18, 晚盘价=998.07, 早盘价=999.72
2026-05-20 11:21:54,783 - INFO - 黄金数据: 时间=2026-05-18, 晚盘价=998.07, 早盘价=999.72
2026-05-20 11:22:25,070 - INFO - 黄金数据: 时间=2026-05-18, 晚盘价=998.07, 早盘价=999.72
2026-05-20 11:22:55,377 - INFO - 黄金数据: 时间=2026-05-18, 晚盘价=998.07, 早盘价=999.72
2026-05-20 11:23:25,628 - INFO - 黄金数据: 时间=2026-05-18, 晚盘价=998.07, 早盘价=999.72
2026-05-20 11:23:55,936 - INFO - 黄金数据: 时间=2026-05-18, 晚盘价=998.07, 早盘价=999.72
2026-05-20 11:24:26,182 - INFO - 黄金数据: 时间=2026-05-18, 晚盘价=998.07, 早盘价=999.72
2026-05-20 11:24:56,508 - INFO - 黄金数据: 时间=2026-05-18, 晚盘价=998.07, 早盘价=999.72
2026-05-20 11:25:26,771 - INFO - 黄金数据: 时间=2026-05-18, 晚盘价=998.07, 早盘价=999.72
2026-05-20 11:25:57,031 - INFO - 黄金数据: 时间=2026-05-18, 晚盘价=998.07, 早盘价=999.72
2026-05-20 11:26:27,366 - INFO - 黄金数据: 时间=2026-05-18, 晚盘价=998.07, 早盘价=999.72
2026-05-20 11:26:57,719 - INFO - 黄金数据: 时间=2026-05-18, 晚盘价=998.07, 早盘价=999.72
2026-05-20 11:27:28,019 - INFO - 黄金数据: 时间=2026-05-18, 晚盘价=998.07, 早盘价=999.72
2026-05-20 11:27:58,312 - INFO - 黄金数据: 时间=2026-05-18, 晚盘价=998.07, 早盘价=999.72
2026-05-20 11:28:28,570 - INFO - 黄金数据: 时间=2026-05-18, 晚盘价=998.07, 早盘价=999.72
2026-05-20 11:28:28,573 - INFO - 当前金价: 998.07元, 基准价(早盘价): 999.72元, 涨跌: -0.17%
2026-05-20 11:28:28,889 - INFO - 黄金数据: 时间=2026-05-18, 晚盘价=998.07, 早盘价=999.72
2026-05-20 11:28:59,188 - INFO - 黄金数据: 时间=2026-05-18, 晚盘价=998.07, 早盘价=999.72
2026-05-20 11:29:29,486 - INFO - 黄金数据: 时间=2026-05-18, 晚盘价=998.07, 早盘价=999.72
2026-05-20 11:29:59,735 - INFO - 黄金数据: 时间=2026-05-18, 晚盘价=998.07, 早盘价=999.72
2026-05-20 11:30:30,043 - INFO - 黄金数据: 时间=2026-05-18, 晚盘价=998.07, 早盘价=999.72
2026-05-20 11:31:00,414 - INFO - 黄金数据: 时间=2026-05-18, 晚盘价=998.07, 早盘价=999.72
2026-05-20 11:31:30,713 - INFO - 黄金数据: 时间=2026-05-18, 晚盘价=998.07, 早盘价=999.72
2026-05-20 11:32:00,959 - INFO - 黄金数据: 时间=2026-05-18, 晚盘价=998.07, 早盘价=999.72
2026-05-20 11:32:31,223 - INFO - 黄金数据: 时间=2026-05-18, 晚盘价=998.07, 早盘价=999.72
2026-05-20 11:33:01,544 - INFO - 黄金数据: 时间=2026-05-18, 晚盘价=998.07, 早盘价=999.72
2026-05-20 11:33:31,806 - INFO - 黄金数据: 时间=2026-05-18, 晚盘价=998.07, 早盘价=999.72
2026-05-20 11:34:02,096 - INFO - 黄金数据: 时间=2026-05-18, 晚盘价=998.07, 早盘价=999.72
2026-05-20 11:34:32,402 - INFO - 黄金数据: 时间=2026-05-18, 晚盘价=998.07, 早盘价=999.72
2026-05-20 11:35:02,710 - INFO - 黄金数据: 时间=2026-05-18, 晚盘价=998.07, 早盘价=999.72
2026-05-20 11:35:33,054 - INFO - 黄金数据: 时间=2026-05-18, 晚盘价=998.07, 早盘价=999.72
2026-05-20 11:36:03,441 - INFO - 黄金数据: 时间=2026-05-18, 晚盘价=998.07, 早盘价=999.72
2026-05-20 11:36:33,760 - INFO - 黄金数据: 时间=2026-05-18, 晚盘价=998.07, 早盘价=999.72
2026-05-20 11:37:04,046 - INFO - 黄金数据: 时间=2026-05-18, 晚盘价=998.07, 早盘价=999.72
2026-05-20 11:37:34,330 - INFO - 黄金数据: 时间=2026-05-18, 晚盘价=998.07, 早盘价=999.72
2026-05-20 11:38:04,607 - INFO - 黄金数据: 时间=2026-05-18, 晚盘价=998.07, 早盘价=999.72
2026-05-20 11:38:34,879 - INFO - 黄金数据: 时间=2026-05-18, 晚盘价=998.07, 早盘价=999.72
2026-05-20 11:38:34,879 - INFO - 当前金价: 998.07元, 基准价(早盘价): 999.72元, 涨跌: -0.17%
2026-05-20 11:38:35,151 - INFO - 黄金数据: 时间=2026-05-18, 晚盘价=998.07, 早盘价=999.72
2026-05-20 11:39:05,427 - INFO - 黄金数据: 时间=2026-05-18, 晚盘价=998.07, 早盘价=999.72
2026-05-20 11:39:35,779 - INFO - 黄金数据: 时间=2026-05-18, 晚盘价=998.07, 早盘价=999.72
2026-05-20 11:40:06,071 - INFO - 黄金数据: 时间=2026-05-18, 晚盘价=998.07, 早盘价=999.72
2026-05-20 11:40:36,378 - INFO - 黄金数据: 时间=2026-05-18, 晚盘价=998.07, 早盘价=999.72
2026-05-20 11:41:06,683 - INFO - 黄金数据: 时间=2026-05-18, 晚盘价=998.07, 早盘价=999.72
2026-05-20 11:41:36,960 - INFO - 黄金数据: 时间=2026-05-18, 晚盘价=998.07, 早盘价=999.72
2026-05-20 11:42:07,268 - INFO - 黄金数据: 时间=2026-05-18, 晚盘价=998.07, 早盘价=999.72
2026-05-20 11:42:37,520 - INFO - 黄金数据: 时间=2026-05-18, 晚盘价=998.07, 早盘价=999.72
2026-05-20 11:43:07,814 - INFO - 黄金数据: 时间=2026-05-18, 晚盘价=998.07, 早盘价=999.72
2026-05-20 11:43:38,102 - INFO - 黄金数据: 时间=2026-05-18, 晚盘价=998.07, 早盘价=999.72
2026-05-20 11:44:08,364 - INFO - 黄金数据: 时间=2026-05-18, 晚盘价=998.07, 早盘价=999.72
2026-05-20 11:44:38,658 - INFO - 黄金数据: 时间=2026-05-18, 晚盘价=998.07, 早盘价=999.72
2026-05-20 11:45:09,145 - INFO - 黄金数据: 时间=2026-05-18, 晚盘价=998.07, 早盘价=999.72
2026-05-20 11:45:39,413 - INFO - 黄金数据: 时间=2026-05-18, 晚盘价=998.07, 早盘价=999.72
2026-05-20 11:46:09,677 - INFO - 黄金数据: 时间=2026-05-18, 晚盘价=998.07, 早盘价=999.72
2026-05-20 11:46:39,938 - INFO - 黄金数据: 时间=2026-05-18, 晚盘价=998.07, 早盘价=999.72
2026-05-20 11:47:10,181 - INFO - 黄金数据: 时间=2026-05-18, 晚盘价=998.07, 早盘价=999.72
2026-05-20 11:47:40,475 - INFO - 黄金数据: 时间=2026-05-18, 晚盘价=998.07, 早盘价=999.72
2026-05-20 11:48:10,769 - INFO - 黄金数据: 时间=2026-05-18, 晚盘价=998.07, 早盘价=999.72
2026-05-20 11:48:41,010 - INFO - 黄金数据: 时间=2026-05-18, 晚盘价=998.07, 早盘价=999.72
2026-05-20 11:48:41,011 - INFO - 当前金价: 998.07元, 基准价(早盘价): 999.72元, 涨跌: -0.17%
2026-05-20 11:48:41,245 - INFO - 黄金数据: 时间=2026-05-18, 晚盘价=998.07, 早盘价=999.72
2026-05-20 11:48:41,246 - INFO - 超过 30 分钟价格无变化，退出监控
2026-05-20 11:49:42,998 - INFO - 金价监控启动，检查间隔 10 分钟，超时 30 分钟
2026-05-20 11:49:43,259 - INFO - 黄金数据: 时间=2026-05-18, 晚盘价=998.07, 早盘价=999.72
2026-05-20 11:49:43,260 - INFO - 当前金价: 998.07元, 基准价(早盘价): 999.72元, 涨跌: -0.17%
2026-05-20 11:49:43,526 - INFO - 黄金数据: 时间=2026-05-18, 晚盘价=998.07, 早盘价=999.72
2026-05-20 11:50:13,781 - INFO - 黄金数据: 时间=2026-05-18, 晚盘价=998.07, 早盘价=999.72
2026-05-20 11:50:44,069 - INFO - 黄金数据: 时间=2026-05-18, 晚盘价=998.07, 早盘价=999.72
2026-05-20 11:51:14,324 - INFO - 黄金数据: 时间=2026-05-18, 晚盘价=998.07, 早盘价=999.72
2026-05-20 11:51:44,624 - INFO - 黄金数据: 时间=2026-05-18, 晚盘价=998.07, 早盘价=999.72
2026-05-20 11:52:14,878 - INFO - 黄金数据: 时间=2026-05-18, 晚盘价=998.07, 早盘价=999.72
2026-05-20 11:52:45,109 - INFO - 黄金数据: 时间=2026-05-18, 晚盘价=998.07, 早盘价=999.72
2026-05-20 11:53:15,441 - INFO - 黄金数据: 时间=2026-05-18, 晚盘价=998.07, 早盘价=999.72
2026-05-20 11:53:45,720 - INFO - 黄金数据: 时间=2026-05-18, 晚盘价=998.07, 早盘价=999.72
2026-05-20 11:54:16,025 - INFO - 黄金数据: 时间=2026-05-18, 晚盘价=998.07, 早盘价=999.72
2026-05-20 11:54:46,270 - INFO - 黄金数据: 时间=2026-05-18, 晚盘价=998.07, 早盘价=999.72
2026-05-20 11:55:16,593 - INFO - 黄金数据: 时间=2026-05-18, 晚盘价=998.07, 早盘价=999.72
2026-05-20 11:55:46,860 - INFO - 黄金数据: 时间=2026-05-18, 晚盘价=998.07, 早盘价=999.72
2026-05-20 11:56:17,113 - INFO - 黄金数据: 时间=2026-05-18, 晚盘价=998.07, 早盘价=999.72
2026-05-20 11:56:47,368 - INFO - 黄金数据: 时间=2026-05-18, 晚盘价=998.07, 早盘价=999.72
2026-05-20 11:57:17,634 - INFO - 黄金数据: 时间=2026-05-18, 晚盘价=998.07, 早盘价=999.72
2026-05-20 11:57:47,887 - INFO - 黄金数据: 时间=2026-05-18, 晚盘价=998.07, 早盘价=999.72
2026-05-20 11:58:18,207 - INFO - 黄金数据: 时间=2026-05-18, 晚盘价=998.07, 早盘价=999.72
2026-05-20 11:58:48,481 - INFO - 黄金数据: 时间=2026-05-18, 晚盘价=998.07, 早盘价=999.72
2026-05-20 11:59:18,721 - INFO - 黄金数据: 时间=2026-05-18, 晚盘价=998.07, 早盘价=999.72
2026-05-20 11:59:49,037 - INFO - 黄金数据: 时间=2026-05-18, 晚盘价=998.07, 早盘价=999.72
2026-05-20 11:59:49,038 - INFO - 当前金价: 998.07元, 基准价(早盘价): 999.72元, 涨跌: -0.17%
2026-05-20 11:59:49,416 - INFO - 黄金数据: 时间=2026-05-18, 晚盘价=998.07, 早盘价=999.72
2026-05-20 12:00:19,669 - INFO - 黄金数据: 时间=2026-05-18, 晚盘价=998.07, 早盘价=999.72
2026-05-20 12:00:49,934 - INFO - 黄金数据: 时间=2026-05-18, 晚盘价=998.07, 早盘价=999.72
2026-05-20 12:01:20,258 - INFO - 黄金数据: 时间=2026-05-18, 晚盘价=998.07, 早盘价=999.72
2026-05-20 12:01:50,494 - INFO - 黄金数据: 时间=2026-05-18, 晚盘价=998.07, 早盘价=999.72
2026-05-20 12:02:20,790 - INFO - 黄金数据: 时间=2026-05-18, 晚盘价=998.07, 早盘价=999.72
2026-05-20 12:02:51,077 - INFO - 黄金数据: 时间=2026-05-18, 晚盘价=998.07, 早盘价=999.72
2026-05-20 12:03:21,325 - INFO - 黄金数据: 时间=2026-05-18, 晚盘价=998.07, 早盘价=999.72
2026-05-20 12:03:51,594 - INFO - 黄金数据: 时间=2026-05-18, 晚盘价=998.07, 早盘价=999.72
2026-05-20 12:04:21,886 - INFO - 黄金数据: 时间=2026-05-18, 晚盘价=998.07, 早盘价=999.72
2026-05-20 12:04:52,167 - INFO - 黄金数据: 时间=2026-05-18, 晚盘价=998.07, 早盘价=999.72
2026-05-20 12:05:22,437 - INFO - 黄金数据: 时间=2026-05-18, 晚盘价=998.07, 早盘价=999.72
2026-05-20 12:05:52,678 - INFO - 黄金数据: 时间=2026-05-18, 晚盘价=998.07, 早盘价=999.72
2026-05-20 12:06:22,949 - INFO - 黄金数据: 时间=2026-05-18, 晚盘价=998.07, 早盘价=999.72
2026-05-20 12:06:53,205 - INFO - 黄金数据: 时间=2026-05-18, 晚盘价=998.07, 早盘价=999.72
2026-05-20 12:07:23,609 - INFO - 黄金数据: 时间=2026-05-18, 晚盘价=998.07, 早盘价=999.72
2026-05-20 12:07:53,947 - INFO - 黄金数据: 时间=2026-05-18, 晚盘价=998.07, 早盘价=999.72
2026-05-20 12:08:24,234 - INFO - 黄金数据: 时间=2026-05-18, 晚盘价=998.07, 早盘价=999.72
2026-05-20 12:08:54,546 - INFO - 黄金数据: 时间=2026-05-18, 晚盘价=998.07, 早盘价=999.72
2026-05-20 12:09:24,798 - INFO - 黄金数据: 时间=2026-05-18, 晚盘价=998.07, 早盘价=999.72
2026-05-20 12:09:55,073 - INFO - 黄金数据: 时间=2026-05-18, 晚盘价=998.07, 早盘价=999.72
2026-05-20 12:09:55,074 - INFO - 当前金价: 998.07元, 基准价(早盘价): 999.72元, 涨跌: -0.17%
2026-05-20 12:09:55,319 - INFO - 黄金数据: 时间=2026-05-18, 晚盘价=998.07, 早盘价=999.72
2026-05-20 12:10:55,724 - INFO - 黄金数据: 时间=2026-05-18, 晚盘价=998.07, 早盘价=999.72
2026-05-20 12:11:25,959 - INFO - 黄金数据: 时间=2026-05-18, 晚盘价=998.07, 早盘价=999.72
2026-05-20 12:11:56,228 - INFO - 黄金数据: 时间=2026-05-18, 晚盘价=998.07, 早盘价=999.72
2026-05-20 12:12:26,497 - INFO - 黄金数据: 时间=2026-05-18, 晚盘价=998.07, 早盘价=999.72
2026-05-20 12:12:56,740 - INFO - 黄金数据: 时间=2026-05-18, 晚盘价=998.07, 早盘价=999.72
2026-05-20 12:13:27,059 - INFO - 黄金数据: 时间=2026-05-18, 晚盘价=998.07, 早盘价=999.72
2026-05-20 12:13:57,340 - INFO - 黄金数据: 时间=2026-05-18, 晚盘价=998.07, 早盘价=999.72
2026-05-20 12:14:27,606 - INFO - 黄金数据: 时间=2026-05-18, 晚盘价=998.07, 早盘价=999.72
2026-05-20 12:14:57,886 - INFO - 黄金数据: 时间=2026-05-18, 晚盘价=998.07, 早盘价=999.72
2026-05-20 12:15:28,201 - INFO - 黄金数据: 时间=2026-05-18, 晚盘价=998.07, 早盘价=999.72
2026-05-20 12:15:58,462 - INFO - 黄金数据: 时间=2026-05-18, 晚盘价=998.07, 早盘价=999.72
2026-05-20 12:16:28,695 - INFO - 黄金数据: 时间=2026-05-18, 晚盘价=998.07, 早盘价=999.72
2026-05-20 12:16:59,017 - INFO - 黄金数据: 时间=2026-05-18, 晚盘价=998.07, 早盘价=999.72
2026-05-20 12:17:29,280 - INFO - 黄金数据: 时间=2026-05-18, 晚盘价=998.07, 早盘价=999.72
2026-05-20 12:17:59,553 - INFO - 黄金数据: 时间=2026-05-18, 晚盘价=998.07, 早盘价=999.72
2026-05-20 12:18:29,842 - INFO - 黄金数据: 时间=2026-05-18, 晚盘价=998.07, 早盘价=999.72
2026-05-20 12:19:00,104 - INFO - 黄金数据: 时间=2026-05-18, 晚盘价=998.07, 早盘价=999.72
2026-05-20 12:19:30,389 - INFO - 黄金数据: 时间=2026-05-18, 晚盘价=998.07, 早盘价=999.72
2026-05-20 12:20:00,738 - INFO - 黄金数据: 时间=2026-05-18, 晚盘价=998.07, 早盘价=999.72
2026-05-20 12:20:00,739 - INFO - 当前金价: 998.07元, 基准价(早盘价): 999.72元, 涨跌: -0.17%
2026-05-20 12:20:00,983 - INFO - 黄金数据: 时间=2026-05-18, 晚盘价=998.07, 早盘价=999.72
2026-05-20 12:20:00,984 - INFO - 超过 30 分钟价格无变化，退出监控
2026-05-20 12:21:03,019 - INFO - 金价监控启动，检查间隔 10 分钟，超时 30 分钟
2026-05-20 12:21:03,293 - INFO - 黄金数据: 时间=2026-05-18, 晚盘价=998.07, 早盘价=999.72
2026-05-20 12:21:03,294 - INFO - 当前金价: 998.07元, 基准价(早盘价): 999.72元, 涨跌: -0.17%
2026-05-20 12:21:03,568 - INFO - 黄金数据: 时间=2026-05-18, 晚盘价=998.07, 早盘价=999.72
2026-05-20 12:21:33,805 - INFO - 黄金数据: 时间=2026-05-18, 晚盘价=998.07, 早盘价=999.72
2026-05-20 12:22:04,065 - INFO - 黄金数据: 时间=2026-05-18, 晚盘价=998.07, 早盘价=999.72
2026-05-20 12:22:34,337 - INFO - 黄金数据: 时间=2026-05-18, 晚盘价=998.07, 早盘价=999.72
2026-05-20 12:23:04,616 - INFO - 黄金数据: 时间=2026-05-18, 晚盘价=998.07, 早盘价=999.72
2026-05-20 12:23:30,847 - INFO - 金价监控启动，检查间隔 10 分钟，超时 30 分钟
2026-05-20 12:23:31,110 - INFO - 黄金数据: 时间=2026-05-18, 晚盘价=998.07, 早盘价=999.72
2026-05-20 12:23:31,111 - INFO - 当前金价: 998.07元, 基准价(早盘价): 999.72元, 涨跌: -0.17%
2026-05-20 12:23:31,356 - INFO - 黄金数据: 时间=2026-05-18, 晚盘价=998.07, 早盘价=999.72
2026-05-20 12:24:01,617 - INFO - 黄金数据: 时间=2026-05-18, 晚盘价=998.07, 早盘价=999.72
2026-05-20 12:24:31,909 - INFO - 黄金数据: 时间=2026-05-18, 晚盘价=998.07, 早盘价=999.72
2026-05-20 12:25:02,195 - INFO - 黄金数据: 时间=2026-05-18, 晚盘价=998.07, 早盘价=999.72
2026-05-20 12:25:32,483 - INFO - 黄金数据: 时间=2026-05-18, 晚盘价=998.07, 早盘价=999.72
2026-05-20 12:26:02,754 - INFO - 黄金数据: 时间=2026-05-18, 晚盘价=998.07, 早盘价=999.72
2026-05-20 12:26:33,053 - INFO - 黄金数据: 时间=2026-05-18, 晚盘价=998.07, 早盘价=999.72
2026-05-20 12:27:03,338 - INFO - 黄金数据: 时间=2026-05-18, 晚盘价=998.07, 早盘价=999.72
2026-05-20 12:27:33,602 - INFO - 黄金数据: 时间=2026-05-18, 晚盘价=998.07, 早盘价=999.72
2026-05-20 12:28:03,866 - INFO - 黄金数据: 时间=2026-05-18, 晚盘价=998.07, 早盘价=999.72
2026-05-20 12:28:34,128 - INFO - 黄金数据: 时间=2026-05-18, 晚盘价=998.07, 早盘价=999.72
2026-05-20 12:29:04,365 - INFO - 黄金数据: 时间=2026-05-18, 晚盘价=998.07, 早盘价=999.72
2026-05-20 12:29:34,707 - INFO - 黄金数据: 时间=2026-05-18, 晚盘价=998.07, 早盘价=999.72
2026-05-20 12:30:04,989 - INFO - 黄金数据: 时间=2026-05-18, 晚盘价=998.07, 早盘价=999.72
2026-05-20 12:30:35,245 - INFO - 黄金数据: 时间=2026-05-18, 晚盘价=998.07, 早盘价=999.72
2026-05-20 12:31:05,495 - INFO - 黄金数据: 时间=2026-05-18, 晚盘价=998.07, 早盘价=999.72
2026-05-20 12:31:35,786 - INFO - 黄金数据: 时间=2026-05-18, 晚盘价=998.07, 早盘价=999.72
2026-05-20 12:32:06,094 - INFO - 黄金数据: 时间=2026-05-18, 晚盘价=998.07, 早盘价=999.72
2026-05-20 12:32:36,343 - INFO - 黄金数据: 时间=2026-05-18, 晚盘价=998.07, 早盘价=999.72
2026-05-20 12:33:06,603 - INFO - 黄金数据: 时间=2026-05-18, 晚盘价=998.07, 早盘价=999.72
2026-05-20 12:33:36,882 - INFO - 黄金数据: 时间=2026-05-18, 晚盘价=998.07, 早盘价=999.72
2026-05-20 12:33:36,883 - INFO - 当前金价: 998.07元, 基准价(早盘价): 999.72元, 涨跌: -0.17%
2026-05-20 12:33:37,120 - INFO - 黄金数据: 时间=2026-05-18, 晚盘价=998.07, 早盘价=999.72
2026-05-20 12:34:07,354 - INFO - 黄金数据: 时间=2026-05-18, 晚盘价=998.07, 早盘价=999.72
2026-05-20 12:34:37,634 - INFO - 黄金数据: 时间=2026-05-18, 晚盘价=998.07, 早盘价=999.72
2026-05-20 12:35:07,868 - INFO - 黄金数据: 时间=2026-05-18, 晚盘价=998.07, 早盘价=999.72
2026-05-20 12:35:38,142 - INFO - 黄金数据: 时间=2026-05-18, 晚盘价=998.07, 早盘价=999.72
2026-05-20 12:36:08,393 - INFO - 黄金数据: 时间=2026-05-18, 晚盘价=998.07, 早盘价=999.72
2026-05-20 12:36:38,660 - INFO - 黄金数据: 时间=2026-05-18, 晚盘价=998.07, 早盘价=999.72
2026-05-20 12:37:08,940 - INFO - 黄金数据: 时间=2026-05-18, 晚盘价=998.07, 早盘价=999.72
2026-05-20 12:37:39,193 - INFO - 黄金数据: 时间=2026-05-18, 晚盘价=998.07, 早盘价=999.72
2026-05-20 12:38:09,461 - INFO - 黄金数据: 时间=2026-05-18, 晚盘价=998.07, 早盘价=999.72
2026-05-20 12:38:39,723 - INFO - 黄金数据: 时间=2026-05-18, 晚盘价=998.07, 早盘价=999.72
2026-05-20 12:39:09,965 - INFO - 黄金数据: 时间=2026-05-18, 晚盘价=998.07, 早盘价=999.72
2026-05-20 12:39:40,221 - INFO - 黄金数据: 时间=2026-05-18, 晚盘价=998.07, 早盘价=999.72
2026-05-20 12:40:10,470 - INFO - 黄金数据: 时间=2026-05-18, 晚盘价=998.07, 早盘价=999.72
2026-05-20 12:40:40,755 - INFO - 黄金数据: 时间=2026-05-18, 晚盘价=998.07, 早盘价=999.72
2026-05-20 12:41:11,069 - INFO - 黄金数据: 时间=2026-05-18, 晚盘价=998.07, 早盘价=999.72
2026-05-20 12:41:41,368 - INFO - 黄金数据: 时间=2026-05-18, 晚盘价=998.07, 早盘价=999.72
2026-05-20 12:42:11,605 - INFO - 黄金数据: 时间=2026-05-18, 晚盘价=998.07, 早盘价=999.72
2026-05-20 12:42:41,864 - INFO - 黄金数据: 时间=2026-05-18, 晚盘价=998.07, 早盘价=999.72
2026-05-20 12:43:12,134 - INFO - 黄金数据: 时间=2026-05-18, 晚盘价=998.07, 早盘价=999.72
2026-05-20 12:43:42,398 - INFO - 黄金数据: 时间=2026-05-18, 晚盘价=998.07, 早盘价=999.72
2026-05-20 12:43:42,400 - INFO - 当前金价: 998.07元, 基准价(早盘价): 999.72元, 涨跌: -0.17%
2026-05-20 12:43:42,662 - INFO - 黄金数据: 时间=2026-05-18, 晚盘价=998.07, 早盘价=999.72
2026-05-20 12:44:12,907 - INFO - 黄金数据: 时间=2026-05-18, 晚盘价=998.07, 早盘价=999.72
2026-05-20 12:44:43,175 - INFO - 黄金数据: 时间=2026-05-18, 晚盘价=998.07, 早盘价=999.72
2026-05-20 12:45:13,447 - INFO - 黄金数据: 时间=2026-05-18, 晚盘价=998.07, 早盘价=999.72
2026-05-20 12:45:43,716 - INFO - 黄金数据: 时间=2026-05-18, 晚盘价=998.07, 早盘价=999.72
2026-05-20 12:46:13,997 - INFO - 黄金数据: 时间=2026-05-18, 晚盘价=998.07, 早盘价=999.72
2026-05-20 12:46:44,246 - INFO - 黄金数据: 时间=2026-05-18, 晚盘价=998.07, 早盘价=999.72
2026-05-20 12:47:14,532 - INFO - 黄金数据: 时间=2026-05-18, 晚盘价=998.07, 早盘价=999.72
2026-05-20 12:47:44,771 - INFO - 黄金数据: 时间=2026-05-18, 晚盘价=998.07, 早盘价=999.72
2026-05-20 12:48:15,016 - INFO - 黄金数据: 时间=2026-05-18, 晚盘价=998.07, 早盘价=999.72
2026-05-20 12:48:45,315 - INFO - 黄金数据: 时间=2026-05-18, 晚盘价=998.07, 早盘价=999.72
2026-05-20 12:49:15,572 - INFO - 黄金数据: 时间=2026-05-18, 晚盘价=998.07, 早盘价=999.72
2026-05-20 12:49:45,875 - INFO - 黄金数据: 时间=2026-05-18, 晚盘价=998.07, 早盘价=999.72
2026-05-20 12:50:46,341 - INFO - 黄金数据: 时间=2026-05-18, 晚盘价=998.07, 早盘价=999.72
2026-05-20 12:51:16,606 - INFO - 黄金数据: 时间=2026-05-18, 晚盘价=998.07, 早盘价=999.72
2026-05-20 12:51:46,884 - INFO - 黄金数据: 时间=2026-05-18, 晚盘价=998.07, 早盘价=999.72
2026-05-20 12:52:17,145 - INFO - 黄金数据: 时间=2026-05-18, 晚盘价=998.07, 早盘价=999.72
2026-05-20 12:52:47,413 - INFO - 黄金数据: 时间=2026-05-18, 晚盘价=998.07, 早盘价=999.72
2026-05-20 12:53:17,654 - INFO - 黄金数据: 时间=2026-05-18, 晚盘价=998.07, 早盘价=999.72
2026-05-20 12:53:47,939 - INFO - 黄金数据: 时间=2026-05-18, 晚盘价=998.07, 早盘价=999.72
2026-05-20 12:53:47,940 - INFO - 当前金价: 998.07元, 基准价(早盘价): 999.72元, 涨跌: -0.17%
2026-05-20 12:53:48,172 - INFO - 黄金数据: 时间=2026-05-18, 晚盘价=998.07, 早盘价=999.72
2026-05-20 12:54:18,449 - INFO - 黄金数据: 时间=2026-05-18, 晚盘价=998.07, 早盘价=999.72
2026-05-20 12:54:48,680 - INFO - 黄金数据: 时间=2026-05-18, 晚盘价=998.07, 早盘价=999.72
2026-05-20 12:55:18,956 - INFO - 黄金数据: 时间=2026-05-18, 晚盘价=998.07, 早盘价=999.72
2026-05-20 12:55:49,217 - INFO - 黄金数据: 时间=2026-05-18, 晚盘价=998.07, 早盘价=999.72
2026-05-20 12:56:19,502 - INFO - 黄金数据: 时间=2026-05-18, 晚盘价=998.07, 早盘价=999.72
2026-05-20 12:56:49,785 - INFO - 黄金数据: 时间=2026-05-18, 晚盘价=998.07, 早盘价=999.72
2026-05-20 12:57:20,049 - INFO - 黄金数据: 时间=2026-05-18, 晚盘价=998.07, 早盘价=999.72
2026-05-20 12:57:50,352 - INFO - 黄金数据: 时间=2026-05-18, 晚盘价=998.07, 早盘价=999.72
2026-05-20 12:58:20,587 - INFO - 黄金数据: 时间=2026-05-18, 晚盘价=998.07, 早盘价=999.72
2026-05-20 12:58:50,829 - INFO - 黄金数据: 时间=2026-05-18, 晚盘价=998.07, 早盘价=999.72
2026-05-20 12:59:21,104 - INFO - 黄金数据: 时间=2026-05-18, 晚盘价=998.07, 早盘价=999.72
2026-05-20 12:59:51,424 - INFO - 黄金数据: 时间=2026-05-18, 晚盘价=998.07, 早盘价=999.72
2026-05-20 13:00:21,686 - INFO - 黄金数据: 时间=2026-05-18, 晚盘价=998.07, 早盘价=999.72
2026-05-20 13:00:52,019 - INFO - 黄金数据: 时间=2026-05-18, 晚盘价=998.07, 早盘价=999.72
2026-05-20 13:01:22,334 - INFO - 黄金数据: 时间=2026-05-18, 晚盘价=998.07, 早盘价=999.72
2026-05-20 13:01:52,650 - INFO - 黄金数据: 时间=2026-05-18, 晚盘价=998.07, 早盘价=999.72
2026-05-20 13:02:22,919 - INFO - 黄金数据: 时间=2026-05-18, 晚盘价=998.07, 早盘价=999.72
2026-05-20 13:02:53,194 - INFO - 黄金数据: 时间=2026-05-18, 晚盘价=998.07, 早盘价=999.72
2026-05-20 13:03:23,449 - INFO - 黄金数据: 时间=2026-05-18, 晚盘价=998.07, 早盘价=999.72
2026-05-20 13:03:53,711 - INFO - 黄金数据: 时间=2026-05-18, 晚盘价=998.07, 早盘价=999.72
2026-05-20 13:03:53,712 - INFO - 当前金价: 998.07元, 基准价(早盘价): 999.72元, 涨跌: -0.17%
2026-05-20 13:03:53,991 - INFO - 黄金数据: 时间=2026-05-18, 晚盘价=998.07, 早盘价=999.72
2026-05-20 13:04:24,309 - INFO - 黄金数据: 时间=2026-05-18, 晚盘价=998.07, 早盘价=999.72
2026-05-20 13:04:54,674 - INFO - 黄金数据: 时间=2026-05-18, 晚盘价=998.07, 早盘价=999.72
2026-05-20 13:05:24,930 - INFO - 黄金数据: 时间=2026-05-18, 晚盘价=998.07, 早盘价=999.72
2026-05-20 13:05:55,223 - INFO - 黄金数据: 时间=2026-05-18, 晚盘价=998.07, 早盘价=999.72
2026-05-20 13:06:45,578 - INFO - 金价监控启动，检查间隔 10 分钟，超时 30 分钟
2026-05-20 13:06:45,806 - INFO - 黄金数据: 时间=2026-05-18, 晚盘价=998.07, 早盘价=999.72
2026-05-20 13:06:45,806 - INFO - 当前金价: 998.07元, 基准价(早盘价): 999.72元, 涨跌: -0.17%
2026-05-20 13:06:46,082 - INFO - 黄金数据: 时间=2026-05-18, 晚盘价=998.07, 早盘价=999.72
2026-05-20 13:07:16,449 - INFO - 黄金数据: 时间=2026-05-18, 晚盘价=998.07, 早盘价=999.72
2026-05-20 13:07:46,745 - INFO - 黄金数据: 时间=2026-05-18, 晚盘价=998.07, 早盘价=999.72
2026-05-20 13:08:16,981 - INFO - 黄金数据: 时间=2026-05-18, 晚盘价=998.07, 早盘价=999.72
2026-05-20 13:08:47,244 - INFO - 黄金数据: 时间=2026-05-18, 晚盘价=998.07, 早盘价=999.72
2026-05-20 13:09:17,481 - INFO - 黄金数据: 时间=2026-05-18, 晚盘价=998.07, 早盘价=999.72
2026-05-20 13:09:47,797 - INFO - 黄金数据: 时间=2026-05-18, 晚盘价=998.07, 早盘价=999.72
2026-05-20 13:10:18,047 - INFO - 黄金数据: 时间=2026-05-18, 晚盘价=998.07, 早盘价=999.72
2026-05-20 13:10:48,303 - INFO - 黄金数据: 时间=2026-05-18, 晚盘价=998.07, 早盘价=999.72
2026-05-20 13:11:18,567 - INFO - 黄金数据: 时间=2026-05-18, 晚盘价=998.07, 早盘价=999.72
2026-05-20 13:11:48,852 - INFO - 黄金数据: 时间=2026-05-18, 晚盘价=998.07, 早盘价=999.72
